// Jest Snapshot v1, https://goo.gl/fbAQLP

exports[`Portal when using default node to match snapshot  1`] = `undefined`;
