// Jest Snapshot v1, https://goo.gl/fbAQLP

exports[`Alert include correct component, element and role data tags 1`] = `
<div
  className="carbon-dialog"
  data-component="alert"
  data-element="bar"
  data-role="baz"
  data-state="closed"
>
  <CSSTransitionGroup
    component="div"
    transitionAppear={false}
    transitionEnter={true}
    transitionEnterTimeout={500}
    transitionLeave={true}
    transitionLeaveTimeout={500}
    transitionName="modal"
  />
  <CSSTransitionGroup
    component="div"
    transitionAppear={false}
    transitionEnter={true}
    transitionEnterTimeout={500}
    transitionLeave={true}
    transitionLeaveTimeout={500}
    transitionName="modal-background"
  />
</div>
`;
